Connecting to: localhost:5001
Stopped at tests/debugger/do_break.js:15
(jerry-debugger) Breakpoint 1 at tests/debugger/do_break.js:24 (in test)
(jerry-debugger) Breakpoint 2 at tests/debugger/do_break.js:27 (in test)
(jerry-debugger) Breakpoint 3 at tests/debugger/do_break.js:17
(jerry-debugger) 1: tests/debugger/do_break.js:24 (in test)
2: tests/debugger/do_break.js:27 (in test)
3: tests/debugger/do_break.js:17
(jerry-debugger) (jerry-debugger) Stopped at breakpoint:3 tests/debugger/do_break.js:17
(jerry-debugger) Press enter to stop JavaScript execution.
Connection closed.
