Connecting to: localhost:5001
Stopped at tests/debugger/do_help.js:15
(jerry-debugger) help

Documented commands (type help <topic>):
========================================
b          bt        delete  eval       help  next        s   
backtrace  c         dump    exception  list  pendingdel  src 
break      continue  e       fbreak     n     quit        step

(jerry-debugger) quit
