Connecting to: localhost:5001
Stopped at tests/debugger/do_next.js:15:1
(jerry-debugger) next
out: next test
Stopped at tests/debugger/do_next.js:17:1
(jerry-debugger) next
out: var cat
Stopped at tests/debugger/do_next.js:18:5
(jerry-debugger) c
